Archive member included to satisfy reference by file (symbol)

e:/workspace/clion/gcc-arm-none-eabi-10.3-2021.10/bin/../lib/gcc/arm-none-eabi/10.3.1/thumb/v7e-m/nofp\libgcc.a(_aeabi_uldivmod.o)
                              CMakeFiles/stm32_dsp.elf.dir/Drivers/STM32F4xx_HAL_Driver/Src/stm32f4xx_hal_rcc.c.obj (__aeabi_uldivmod)
e:/workspace/clion/gcc-arm-none-eabi-10.3-2021.10/bin/../lib/gcc/arm-none-eabi/10.3.1/thumb/v7e-m/nofp\libgcc.a(_udivmoddi4.o)
                              e:/workspace/clion/gcc-arm-none-eabi-10.3-2021.10/bin/../lib/gcc/arm-none-eabi/10.3.1/thumb/v7e-m/nofp\libgcc.a(_aeabi_uldivmod.o) (__udivmoddi4)
e:/workspace/clion/gcc-arm-none-eabi-10.3-2021.10/bin/../lib/gcc/arm-none-eabi/10.3.1/thumb/v7e-m/nofp\libgcc.a(_dvmd_tls.o)
                              e:/workspace/clion/gcc-arm-none-eabi-10.3-2021.10/bin/../lib/gcc/arm-none-eabi/10.3.1/thumb/v7e-m/nofp\libgcc.a(_aeabi_uldivmod.o) (__aeabi_ldiv0)
e:/workspace/clion/gcc-arm-none-eabi-10.3-2021.10/bin/../lib/gcc/arm-none-eabi/10.3.1/../../../../arm-none-eabi/lib/thumb/v7e-m/nofp\libg.a(lib_a-errno.o)
                              CMakeFiles/stm32_dsp.elf.dir/Core/Src/syscalls.c.obj (__errno)
e:/workspace/clion/gcc-arm-none-eabi-10.3-2021.10/bin/../lib/gcc/arm-none-eabi/10.3.1/../../../../arm-none-eabi/lib/thumb/v7e-m/nofp\libg.a(lib_a-exit.o)
                              e:/workspace/clion/gcc-arm-none-eabi-10.3-2021.10/bin/../lib/gcc/arm-none-eabi/10.3.1/../../../../arm-none-eabi/lib/thumb/v7e-m/nofp/crt0.o (exit)
e:/workspace/clion/gcc-arm-none-eabi-10.3-2021.10/bin/../lib/gcc/arm-none-eabi/10.3.1/../../../../arm-none-eabi/lib/thumb/v7e-m/nofp\libg.a(lib_a-impure.o)
                              e:/workspace/clion/gcc-arm-none-eabi-10.3-2021.10/bin/../lib/gcc/arm-none-eabi/10.3.1/../../../../arm-none-eabi/lib/thumb/v7e-m/nofp\libg.a(lib_a-exit.o) (_global_impure_ptr)
e:/workspace/clion/gcc-arm-none-eabi-10.3-2021.10/bin/../lib/gcc/arm-none-eabi/10.3.1/../../../../arm-none-eabi/lib/thumb/v7e-m/nofp\libg.a(lib_a-init.o)
                              e:/workspace/clion/gcc-arm-none-eabi-10.3-2021.10/bin/../lib/gcc/arm-none-eabi/10.3.1/../../../../arm-none-eabi/lib/thumb/v7e-m/nofp/crt0.o (__libc_init_array)
e:/workspace/clion/gcc-arm-none-eabi-10.3-2021.10/bin/../lib/gcc/arm-none-eabi/10.3.1/../../../../arm-none-eabi/lib/thumb/v7e-m/nofp\libg.a(lib_a-memset.o)
                              e:/workspace/clion/gcc-arm-none-eabi-10.3-2021.10/bin/../lib/gcc/arm-none-eabi/10.3.1/../../../../arm-none-eabi/lib/thumb/v7e-m/nofp/crt0.o (memset)
e:/workspace/clion/gcc-arm-none-eabi-10.3-2021.10/bin/../lib/gcc/arm-none-eabi/10.3.1/../../../../arm-none-eabi/lib/thumb/v7e-m/nofp\libg.a(lib_a-__call_atexit.o)
                              e:/workspace/clion/gcc-arm-none-eabi-10.3-2021.10/bin/../lib/gcc/arm-none-eabi/10.3.1/../../../../arm-none-eabi/lib/thumb/v7e-m/nofp\libg.a(lib_a-exit.o) (__call_exitprocs)
e:/workspace/clion/gcc-arm-none-eabi-10.3-2021.10/bin/../lib/gcc/arm-none-eabi/10.3.1/../../../../arm-none-eabi/lib/thumb/v7e-m/nofp\libg.a(lib_a-atexit.o)
                              e:/workspace/clion/gcc-arm-none-eabi-10.3-2021.10/bin/../lib/gcc/arm-none-eabi/10.3.1/../../../../arm-none-eabi/lib/thumb/v7e-m/nofp\libg.a(lib_a-__call_atexit.o) (atexit)
e:/workspace/clion/gcc-arm-none-eabi-10.3-2021.10/bin/../lib/gcc/arm-none-eabi/10.3.1/../../../../arm-none-eabi/lib/thumb/v7e-m/nofp\libg.a(lib_a-fini.o)
                              e:/workspace/clion/gcc-arm-none-eabi-10.3-2021.10/bin/../lib/gcc/arm-none-eabi/10.3.1/../../../../arm-none-eabi/lib/thumb/v7e-m/nofp\libg.a(lib_a-__call_atexit.o) (__libc_fini_array)
e:/workspace/clion/gcc-arm-none-eabi-10.3-2021.10/bin/../lib/gcc/arm-none-eabi/10.3.1/../../../../arm-none-eabi/lib/thumb/v7e-m/nofp\libg.a(lib_a-lock.o)
                              e:/workspace/clion/gcc-arm-none-eabi-10.3-2021.10/bin/../lib/gcc/arm-none-eabi/10.3.1/../../../../arm-none-eabi/lib/thumb/v7e-m/nofp\libg.a(lib_a-__call_atexit.o) (__retarget_lock_acquire_recursive)
e:/workspace/clion/gcc-arm-none-eabi-10.3-2021.10/bin/../lib/gcc/arm-none-eabi/10.3.1/../../../../arm-none-eabi/lib/thumb/v7e-m/nofp\libg.a(lib_a-__atexit.o)
                              e:/workspace/clion/gcc-arm-none-eabi-10.3-2021.10/bin/../lib/gcc/arm-none-eabi/10.3.1/../../../../arm-none-eabi/lib/thumb/v7e-m/nofp\libg.a(lib_a-atexit.o) (__register_exitproc)

Discarded input sections

 .text          0x00000000        0x0 e:/workspace/clion/gcc-arm-none-eabi-10.3-2021.10/bin/../lib/gcc/arm-none-eabi/10.3.1/thumb/v7e-m/nofp/crti.o
 .data          0x00000000        0x0 e:/workspace/clion/gcc-arm-none-eabi-10.3-2021.10/bin/../lib/gcc/arm-none-eabi/10.3.1/thumb/v7e-m/nofp/crti.o
 .bss           0x00000000        0x0 e:/workspace/clion/gcc-arm-none-eabi-10.3-2021.10/bin/../lib/gcc/arm-none-eabi/10.3.1/thumb/v7e-m/nofp/crti.o
[...]
Memory Configuration

Name             Origin             Length             Attributes
CCMRAM           0x10000000         0x00010000         xrw
RAM              0x20000000         0x00020000         xrw
FLASH            0x08000000         0x00080000         xr
*default*        0x00000000         0xffffffff

Linker script and memory map

LOAD e:/workspace/clion/gcc-arm-none-eabi-10.3-2021.10/bin/../lib/gcc/arm-none-eabi/10.3.1/thumb/v7e-m/nofp/crti.o
LOAD e:/workspace/clion/gcc-arm-none-eabi-10.3-2021.10/bin/../lib/gcc/arm-none-eabi/10.3.1/thumb/v7e-m/nofp/crtbegin.o
LOAD e:/workspace/clion/gcc-arm-none-eabi-10.3-2021.10/bin/../lib/gcc/arm-none-eabi/10.3.1/../../../../arm-none-eabi/lib/thumb/v7e-m/nofp/crt0.o
LOAD CMakeFiles/stm32_dsp.elf.dir/Core/Src/gpio.c.obj
LOAD CMakeFiles/stm32_dsp.elf.dir/Core/Src/main.c.obj
LOAD CMakeFiles/stm32_dsp.elf.dir/Core/Src/stm32f4xx_hal_msp.c.obj
LOAD CMakeFiles/stm32_dsp.elf.dir/Core/Src/stm32f4xx_it.c.obj
LOAD CMakeFiles/stm32_dsp.elf.dir/Core/Src/syscalls.c.obj
LOAD CMakeFiles/stm32_dsp.elf.dir/Core/Src/sysmem.c.obj
LOAD CMakeFiles/stm32_dsp.elf.dir/Core/Src/system_stm32f4xx.c.obj
LOAD CMakeFiles/stm32_dsp.elf.dir/Core/Src/usart.c.obj
LOAD CMakeFiles/stm32_dsp.elf.dir/Core/Startup/startup_stm32f407zetx.s.obj
LOAD CMakeFiles/stm32_dsp.elf.dir/Drivers/STM32F4xx_HAL_Driver/Src/stm32f4xx_hal.c.obj
LOAD CMakeFiles/stm32_dsp.elf.dir/Drivers/STM32F4xx_HAL_Driver/Src/stm32f4xx_hal_cortex.c.obj
LOAD CMakeFiles/stm32_dsp.elf.dir/Drivers/STM32F4xx_HAL_Driver/Src/stm32f4xx_hal_dma.c.obj
LOAD CMakeFiles/stm32_dsp.elf.dir/Drivers/STM32F4xx_HAL_Driver/Src/stm32f4xx_hal_dma_ex.c.obj
LOAD CMakeFiles/stm32_dsp.elf.dir/Drivers/STM32F4xx_HAL_Driver/Src/stm32f4xx_hal_exti.c.obj
LOAD CMakeFiles/stm32_dsp.elf.dir/Drivers/STM32F4xx_HAL_Driver/Src/stm32f4xx_hal_flash.c.obj
LOAD CMakeFiles/stm32_dsp.elf.dir/Drivers/STM32F4xx_HAL_Driver/Src/stm32f4xx_hal_flash_ex.c.obj
LOAD CMakeFiles/stm32_dsp.elf.dir/Drivers/STM32F4xx_HAL_Driver/Src/stm32f4xx_hal_flash_ramfunc.c.obj
LOAD CMakeFiles/stm32_dsp.elf.dir/Drivers/STM32F4xx_HAL_Driver/Src/stm32f4xx_hal_gpio.c.obj
LOAD CMakeFiles/stm32_dsp.elf.dir/Drivers/STM32F4xx_HAL_Driver/Src/stm32f4xx_hal_pwr.c.obj
LOAD CMakeFiles/stm32_dsp.elf.dir/Drivers/STM32F4xx_HAL_Driver/Src/stm32f4xx_hal_pwr_ex.c.obj
LOAD CMakeFiles/stm32_dsp.elf.dir/Drivers/STM32F4xx_HAL_Driver/Src/stm32f4xx_hal_rcc.c.obj
LOAD CMakeFiles/stm32_dsp.elf.dir/Drivers/STM32F4xx_HAL_Driver/Src/stm32f4xx_hal_rcc_ex.c.obj
LOAD CMakeFiles/stm32_dsp.elf.dir/Drivers/STM32F4xx_HAL_Driver/Src/stm32f4xx_hal_tim.c.obj
LOAD CMakeFiles/stm32_dsp.elf.dir/Drivers/STM32F4xx_HAL_Driver/Src/stm32f4xx_hal_tim_ex.c.obj
LOAD CMakeFiles/stm32_dsp.elf.dir/Drivers/STM32F4xx_HAL_Driver/Src/stm32f4xx_hal_uart.c.obj
START GROUP
LOAD e:/workspace/clion/gcc-arm-none-eabi-10.3-2021.10/bin/../lib/gcc/arm-none-eabi/10.3.1/thumb/v7e-m/nofp\libgcc.a
LOAD e:/workspace/clion/gcc-arm-none-eabi-10.3-2021.10/bin/../lib/gcc/arm-none-eabi/10.3.1/../../../../arm-none-eabi/lib/thumb/v7e-m/nofp\libg.a
LOAD e:/workspace/clion/gcc-arm-none-eabi-10.3-2021.10/bin/../lib/gcc/arm-none-eabi/10.3.1/../../../../arm-none-eabi/lib/thumb/v7e-m/nofp\libc.a
END GROUP
LOAD e:/workspace/clion/gcc-arm-none-eabi-10.3-2021.10/bin/../lib/gcc/arm-none-eabi/10.3.1/thumb/v7e-m/nofp/crtend.o
LOAD e:/workspace/clion/gcc-arm-none-eabi-10.3-2021.10/bin/../lib/gcc/arm-none-eabi/10.3.1/thumb/v7e-m/nofp/crtn.o
                0x20020000                _estack = (ORIGIN (RAM) + LENGTH (RAM))
                0x00000200                _Min_Heap_Size = 0x200
                0x00000400                _Min_Stack_Size = 0x400

.isr_vector     0x08000000      0x188
                0x08000000                . = ALIGN (0x4)
 *(.isr_vector)
 .isr_vector    0x08000000      0x188 CMakeFiles/stm32_dsp.elf.dir/Core/Startup/startup_stm32f407zetx.s.obj
                0x08000000                g_pfnVectors
                0x08000188                . = ALIGN (0x4)

.text           0x08000188     0x127c
                0x08000188                . = ALIGN (0x4)
 *(.text)
 .text          0x08000188       0x40 e:/workspace/clion/gcc-arm-none-eabi-10.3-2021.10/bin/../lib/gcc/arm-none-eabi/10.3.1/thumb/v7e-m/nofp/crtbegin.o
 .text          0x080001c8       0x30 e:/workspace/clion/gcc-arm-none-eabi-10.3-2021.10/bin/../lib/gcc/arm-none-eabi/10.3.1/thumb/v7e-m/nofp\libgcc.a(_aeabi_uldivmod.o)
                0x080001c8                __aeabi_uldivmod
 .text          0x080001f8      0x2d0 e:/workspace/clion/gcc-arm-none-eabi-10.3-2021.10/bin/../lib/gcc/arm-none-eabi/10.3.1/thumb/v7e-m/nofp\libgcc.a(_udivmoddi4.o)
                0x080001f8                __udivmoddi4
 .text          0x080004c8        0x4 e:/workspace/clion/gcc-arm-none-eabi-10.3-2021.10/bin/../lib/gcc/arm-none-eabi/10.3.1/thumb/v7e-m/nofp\libgcc.a(_dvmd_tls.o)
                0x080004c8                __aeabi_idiv0
                0x080004c8                __aeabi_ldiv0
 *(.text*)
 .text.MX_GPIO_Init
                0x080004cc       0x4c CMakeFiles/stm32_dsp.elf.dir/Core/Src/gpio.c.obj
                0x080004cc                MX_GPIO_Init
 .text.Error_Handler
                0x08000518        0x4 CMakeFiles/stm32_dsp.elf.dir/Core/Src/main.c.obj
                0x08000518                Error_Handler
 .text.SystemClock_Config
                0x0800051c       0xa4 CMakeFiles/stm32_dsp.elf.dir/Core/Src/main.c.obj
                0x0800051c                SystemClock_Config
 .text.main     0x080005c0       0x14 CMakeFiles/stm32_dsp.elf.dir/Core/Src/main.c.obj
                0x080005c0                main
 .text.HAL_MspInit
                0x080005d4       0x38 CMakeFiles/stm32_dsp.elf.dir/Core/Src/stm32f4xx_hal_msp.c.obj
                0x080005d4                HAL_MspInit
 .text.NMI_Handler
                0x0800060c        0x2 CMakeFiles/stm32_dsp.elf.dir/Core/Src/stm32f4xx_it.c.obj
                0x0800060c                NMI_Handler
 .text.HardFault_Handler
                0x0800060e        0x2 CMakeFiles/stm32_dsp.elf.dir/Core/Src/stm32f4xx_it.c.obj
                0x0800060e                HardFault_Handler
 .text.MemManage_Handler
                0x08000610        0x2 CMakeFiles/stm32_dsp.elf.dir/Core/Src/stm32f4xx_it.c.obj
                0x08000610                MemManage_Handler
 .text.BusFault_Handler
                0x08000612        0x2 CMakeFiles/stm32_dsp.elf.dir/Core/Src/stm32f4xx_it.c.obj
                0x08000612                BusFault_Handler
 .text.UsageFault_Handler
                0x08000614        0x2 CMakeFiles/stm32_dsp.elf.dir/Core/Src/stm32f4xx_it.c.obj
                0x08000614                UsageFault_Handler
 .text.SVC_Handler
                0x08000616        0x2 CMakeFiles/stm32_dsp.elf.dir/Core/Src/stm32f4xx_it.c.obj
                0x08000616                SVC_Handler
 .text.DebugMon_Handler
                0x08000618        0x2 CMakeFiles/stm32_dsp.elf.dir/Core/Src/stm32f4xx_it.c.obj
                0x08000618                DebugMon_Handler
 .text.PendSV_Handler
                0x0800061a        0x2 CMakeFiles/stm32_dsp.elf.dir/Core/Src/stm32f4xx_it.c.obj
                0x0800061a                PendSV_Handler
 .text.SysTick_Handler
                0x0800061c        0x8 CMakeFiles/stm32_dsp.elf.dir/Core/Src/stm32f4xx_it.c.obj
                0x0800061c                SysTick_Handler
 .text.SystemInit
                0x08000624        0x2 CMakeFiles/stm32_dsp.elf.dir/Core/Src/system_stm32f4xx.c.obj
                0x08000624                SystemInit
 *fill*         0x08000626        0x2 
 .text.MX_USART1_UART_Init
                0x08000628       0x34 CMakeFiles/stm32_dsp.elf.dir/Core/Src/usart.c.obj
                0x08000628                MX_USART1_UART_Init
 .text.HAL_UART_MspInit
                0x0800065c       0x74 CMakeFiles/stm32_dsp.elf.dir/Core/Src/usart.c.obj
                0x0800065c                HAL_UART_MspInit
 .text.Reset_Handler
                0x080006d0       0x50 CMakeFiles/stm32_dsp.elf.dir/Core/Startup/startup_stm32f407zetx.s.obj
                0x080006d0                Reset_Handler
 .text.Default_Handler
                0x08000720        0x2 CMakeFiles/stm32_dsp.elf.dir/Core/Startup/startup_stm32f407zetx.s.obj
                0x08000720                RTC_Alarm_IRQHandler
                0x08000720                HASH_RNG_IRQHandler
                0x08000720                EXTI2_IRQHandler
                0x08000720                TIM8_CC_IRQHandler
                0x08000720                TIM1_CC_IRQHandler
                0x08000720                DMA2_Stream5_IRQHandler
                0x08000720                DMA1_Stream5_IRQHandler
                0x08000720                PVD_IRQHandler
                0x08000720                SDIO_IRQHandler
                0x08000720                TAMP_STAMP_IRQHandler
                0x08000720                CAN2_RX1_IRQHandler
                0x08000720                EXTI3_IRQHandler
                0x08000720                TIM8_TRG_COM_TIM14_IRQHandler
                0x08000720                TIM1_UP_TIM10_IRQHandler
                0x08000720                TIM8_UP_TIM13_IRQHandler
                0x08000720                I2C3_ER_IRQHandler
                0x08000720                EXTI0_IRQHandler
                0x08000720                I2C2_EV_IRQHandler
                0x08000720                DMA1_Stream2_IRQHandler
                0x08000720                CAN1_RX0_IRQHandler
                0x08000720                FPU_IRQHandler
                0x08000720                OTG_HS_WKUP_IRQHandler
                0x08000720                CAN2_SCE_IRQHandler
                0x08000720                DMA2_Stream2_IRQHandler
                0x08000720                SPI1_IRQHandler
                0x08000720                TIM6_DAC_IRQHandler
                0x08000720                TIM1_BRK_TIM9_IRQHandler
                0x08000720                DCMI_IRQHandler
                0x08000720                CAN2_RX0_IRQHandler
                0x08000720                DMA2_Stream3_IRQHandler
                0x08000720                USART6_IRQHandler
                0x08000720                USART3_IRQHandler
                0x08000720                CAN1_RX1_IRQHandler
                0x08000720                UART5_IRQHandler
                0x08000720                DMA2_Stream0_IRQHandler
                0x08000720                TIM4_IRQHandler
                0x08000720                I2C1_EV_IRQHandler
                0x08000720                DMA1_Stream6_IRQHandler
                0x08000720                DMA1_Stream1_IRQHandler
                0x08000720                UART4_IRQHandler
                0x08000720                TIM3_IRQHandler
                0x08000720                RCC_IRQHandler
                0x08000720                TIM8_BRK_TIM12_IRQHandler
                0x08000720                Default_Handler
                0x08000720                EXTI15_10_IRQHandler
                0x08000720                ADC_IRQHandler
                0x08000720                DMA1_Stream7_IRQHandler
                0x08000720                TIM7_IRQHandler
                0x08000720                CAN2_TX_IRQHandler
                0x08000720                TIM5_IRQHandler
                0x08000720                DMA2_Stream7_IRQHandler
                0x08000720                I2C3_EV_IRQHandler
                0x08000720                EXTI9_5_IRQHandler
                0x08000720                RTC_WKUP_IRQHandler
                0x08000720                ETH_WKUP_IRQHandler
                0x08000720                SPI2_IRQHandler
                0x08000720                OTG_HS_EP1_IN_IRQHandler
                0x08000720                DMA1_Stream0_IRQHandler
                0x08000720                CAN1_TX_IRQHandler
                0x08000720                EXTI4_IRQHandler
                0x08000720                FSMC_IRQHandler
                0x08000720                ETH_IRQHandler
                0x08000720                OTG_HS_EP1_OUT_IRQHandler
                0x08000720                WWDG_IRQHandler
                0x08000720                TIM2_IRQHandler
                0x08000720                OTG_FS_WKUP_IRQHandler
                0x08000720                TIM1_TRG_COM_TIM11_IRQHandler
                0x08000720                OTG_HS_IRQHandler
                0x08000720                EXTI1_IRQHandler
                0x08000720                USART2_IRQHandler
                0x08000720                I2C2_ER_IRQHandler
                0x08000720                DMA2_Stream1_IRQHandler
                0x08000720                CAN1_SCE_IRQHandler
                0x08000720                FLASH_IRQHandler
                0x08000720                DMA2_Stream4_IRQHandler
                0x08000720                USART1_IRQHandler
                0x08000720                OTG_FS_IRQHandler
                0x08000720                SPI3_IRQHandler
                0x08000720                DMA1_Stream4_IRQHandler
                0x08000720                I2C1_ER_IRQHandler
                0x08000720                DMA2_Stream6_IRQHandler
                0x08000720                DMA1_Stream3_IRQHandler
 *fill*         0x08000722        0x2 
 .text.HAL_InitTick
                0x08000724       0x4c CMakeFiles/stm32_dsp.elf.dir/Drivers/STM32F4xx_HAL_Driver/Src/stm32f4xx_hal.c.obj
                0x08000724                HAL_InitTick
 .text.HAL_Init
                0x08000770       0x34 CMakeFiles/stm32_dsp.elf.dir/Drivers/STM32F4xx_HAL_Driver/Src/stm32f4xx_hal.c.obj
                0x08000770                HAL_Init
 .text.HAL_IncTick
                0x080007a4       0x18 CMakeFiles/stm32_dsp.elf.dir/Drivers/STM32F4xx_HAL_Driver/Src/stm32f4xx_hal.c.obj
                0x080007a4                HAL_IncTick
 .text.HAL_GetTick
                0x080007bc        0xc CMakeFiles/stm32_dsp.elf.dir/Drivers/STM32F4xx_HAL_Driver/Src/stm32f4xx_hal.c.obj
                0x080007bc                HAL_GetTick
 .text.HAL_NVIC_SetPriorityGrouping
                0x080007c8       0x24 CMakeFiles/stm32_dsp.elf.dir/Drivers/STM32F4xx_HAL_Driver/Src/stm32f4xx_hal_cortex.c.obj
                0x080007c8                HAL_NVIC_SetPriorityGrouping
 .text.HAL_NVIC_SetPriority
                0x080007ec       0x70 CMakeFiles/stm32_dsp.elf.dir/Drivers/STM32F4xx_HAL_Driver/Src/stm32f4xx_hal_cortex.c.obj
                0x080007ec                HAL_NVIC_SetPriority
 .text.HAL_SYSTICK_Config
                0x0800085c       0x28 CMakeFiles/stm32_dsp.elf.dir/Drivers/STM32F4xx_HAL_Driver/Src/stm32f4xx_hal_cortex.c.obj
                0x0800085c                HAL_SYSTICK_Config
 .text.HAL_GPIO_Init
                0x08000884      0x1e4 CMakeFiles/stm32_dsp.elf.dir/Drivers/STM32F4xx_HAL_Driver/Src/stm32f4xx_hal_gpio.c.obj
                0x08000884                HAL_GPIO_Init
 .text.HAL_RCC_OscConfig
                0x08000a68      0x3f8 CMakeFiles/stm32_dsp.elf.dir/Drivers/STM32F4xx_HAL_Driver/Src/stm32f4xx_hal_rcc.c.obj
                0x08000a68                HAL_RCC_OscConfig
 .text.HAL_RCC_GetSysClockFreq
                0x08000e60       0xa4 CMakeFiles/stm32_dsp.elf.dir/Drivers/STM32F4xx_HAL_Driver/Src/stm32f4xx_hal_rcc.c.obj
                0x08000e60                HAL_RCC_GetSysClockFreq
 .text.HAL_RCC_ClockConfig
                0x08000f04      0x160 CMakeFiles/stm32_dsp.elf.dir/Drivers/STM32F4xx_HAL_Driver/Src/stm32f4xx_hal_rcc.c.obj
                0x08000f04                HAL_RCC_ClockConfig
 .text.HAL_RCC_GetHCLKFreq
                0x08001064        0xc CMakeFiles/stm32_dsp.elf.dir/Drivers/STM32F4xx_HAL_Driver/Src/stm32f4xx_hal_rcc.c.obj
                0x08001064                HAL_RCC_GetHCLKFreq
 .text.HAL_RCC_GetPCLK1Freq
                0x08001070       0x20 CMakeFiles/stm32_dsp.elf.dir/Drivers/STM32F4xx_HAL_Driver/Src/stm32f4xx_hal_rcc.c.obj
                0x08001070                HAL_RCC_GetPCLK1Freq
 .text.HAL_RCC_GetPCLK2Freq
                0x08001090       0x20 CMakeFiles/stm32_dsp.elf.dir/Drivers/STM32F4xx_HAL_Driver/Src/stm32f4xx_hal_rcc.c.obj
                0x08001090                HAL_RCC_GetPCLK2Freq
 .text.UART_SetConfig
                0x080010b0      0x110 CMakeFiles/stm32_dsp.elf.dir/Drivers/STM32F4xx_HAL_Driver/Src/stm32f4xx_hal_uart.c.obj
 .text.HAL_UART_Init
                0x080011c0       0x5e CMakeFiles/stm32_dsp.elf.dir/Drivers/STM32F4xx_HAL_Driver/Src/stm32f4xx_hal_uart.c.obj
                0x080011c0                HAL_UART_Init
 *fill*         0x0800121e        0x2 
 .text.__libc_init_array
                0x08001220       0x48 e:/workspace/clion/gcc-arm-none-eabi-10.3-2021.10/bin/../lib/gcc/arm-none-eabi/10.3.1/../../../../arm-none-eabi/lib/thumb/v7e-m/nofp\libg.a(lib_a-init.o)
                0x08001220                __libc_init_array
 .text.memset   0x08001268       0xa4 e:/workspace/clion/gcc-arm-none-eabi-10.3-2021.10/bin/../lib/gcc/arm-none-eabi/10.3.1/../../../../arm-none-eabi/lib/thumb/v7e-m/nofp\libg.a(lib_a-memset.o)
                0x08001268                memset
 .text.startup.register_fini
                0x0800130c       0x14 e:/workspace/clion/gcc-arm-none-eabi-10.3-2021.10/bin/../lib/gcc/arm-none-eabi/10.3.1/../../../../arm-none-eabi/lib/thumb/v7e-m/nofp\libg.a(lib_a-__call_atexit.o)
 .text.atexit   0x08001320        0xc e:/workspace/clion/gcc-arm-none-eabi-10.3-2021.10/bin/../lib/gcc/arm-none-eabi/10.3.1/../../../../arm-none-eabi/lib/thumb/v7e-m/nofp\libg.a(lib_a-atexit.o)
                0x08001320                atexit
 .text.__libc_fini_array
                0x0800132c       0x2c e:/workspace/clion/gcc-arm-none-eabi-10.3-2021.10/bin/../lib/gcc/arm-none-eabi/10.3.1/../../../../arm-none-eabi/lib/thumb/v7e-m/nofp\libg.a(lib_a-fini.o)
                0x0800132c                __libc_fini_array
 .text.__retarget_lock_acquire_recursive
                0x08001358        0x4 e:/workspace/clion/gcc-arm-none-eabi-10.3-2021.10/bin/../lib/gcc/arm-none-eabi/10.3.1/../../../../arm-none-eabi/lib/thumb/v7e-m/nofp\libg.a(lib_a-lock.o)
                0x08001358                __retarget_lock_acquire_recursive
 .text.__retarget_lock_release_recursive
                0x0800135c        0x4 e:/workspace/clion/gcc-arm-none-eabi-10.3-2021.10/bin/../lib/gcc/arm-none-eabi/10.3.1/../../../../arm-none-eabi/lib/thumb/v7e-m/nofp\libg.a(lib_a-lock.o)
                0x0800135c                __retarget_lock_release_recursive
 .text.__register_exitproc
                0x08001360       0x8c e:/workspace/clion/gcc-arm-none-eabi-10.3-2021.10/bin/../lib/gcc/arm-none-eabi/10.3.1/../../../../arm-none-eabi/lib/thumb/v7e-m/nofp\libg.a(lib_a-__atexit.o)
                0x08001360                __register_exitproc
 *(.glue_7)
 .glue_7        0x080013ec        0x0 linker stubs
 *(.glue_7t)
 .glue_7t       0x080013ec        0x0 linker stubs
 *(.eh_frame)
 .eh_frame      0x080013ec        0x0 e:/workspace/clion/gcc-arm-none-eabi-10.3-2021.10/bin/../lib/gcc/arm-none-eabi/10.3.1/thumb/v7e-m/nofp/crtbegin.o
 *(.init)
 .init          0x080013ec        0x4 e:/workspace/clion/gcc-arm-none-eabi-10.3-2021.10/bin/../lib/gcc/arm-none-eabi/10.3.1/thumb/v7e-m/nofp/crti.o
                0x080013ec                _init
 .init          0x080013f0        0x8 e:/workspace/clion/gcc-arm-none-eabi-10.3-2021.10/bin/../lib/gcc/arm-none-eabi/10.3.1/thumb/v7e-m/nofp/crtn.o
 *(.fini)
 .fini          0x080013f8        0x4 e:/workspace/clion/gcc-arm-none-eabi-10.3-2021.10/bin/../lib/gcc/arm-none-eabi/10.3.1/thumb/v7e-m/nofp/crti.o
                0x080013f8                _fini
 .fini          0x080013fc        0x8 e:/workspace/clion/gcc-arm-none-eabi-10.3-2021.10/bin/../lib/gcc/arm-none-eabi/10.3.1/thumb/v7e-m/nofp/crtn.o
                0x08001404                . = ALIGN (0x4)
                0x08001404                _etext = .

.vfp11_veneer   0x08001404        0x0
 .vfp11_veneer  0x08001404        0x0 linker stubs

.v4_bx          0x08001404        0x0
 .v4_bx         0x08001404        0x0 linker stubs

.iplt           0x08001404        0x0
 .iplt          0x08001404        0x0 e:/workspace/clion/gcc-arm-none-eabi-10.3-2021.10/bin/../lib/gcc/arm-none-eabi/10.3.1/thumb/v7e-m/nofp/crtbegin.o

.rodata         0x08001404       0x1c
                0x08001404                . = ALIGN (0x4)
 *(.rodata)
 *(.rodata*)
 .rodata.AHBPrescTable
                0x08001404       0x10 CMakeFiles/stm32_dsp.elf.dir/Core/Src/system_stm32f4xx.c.obj
                0x08001404                AHBPrescTable
 .rodata.APBPrescTable
                0x08001414        0x8 CMakeFiles/stm32_dsp.elf.dir/Core/Src/system_stm32f4xx.c.obj
                0x08001414                APBPrescTable
 .rodata._global_impure_ptr
                0x0800141c        0x4 e:/workspace/clion/gcc-arm-none-eabi-10.3-2021.10/bin/../lib/gcc/arm-none-eabi/10.3.1/../../../../arm-none-eabi/lib/thumb/v7e-m/nofp\libg.a(lib_a-impure.o)
                0x0800141c                _global_impure_ptr
                0x08001420                . = ALIGN (0x4)

.ARM.extab      0x08001420        0x0
                0x08001420                . = ALIGN (0x4)
 *(.ARM.extab* .gnu.linkonce.armextab.*)
                0x08001420                . = ALIGN (0x4)

.ARM            0x08001420        0x8
                0x08001420                . = ALIGN (0x4)
                0x08001420                __exidx_start = .
 *(.ARM.exidx*)
 .ARM.exidx     0x08001420        0x8 e:/workspace/clion/gcc-arm-none-eabi-10.3-2021.10/bin/../lib/gcc/arm-none-eabi/10.3.1/thumb/v7e-m/nofp\libgcc.a(_udivmoddi4.o)
                0x08001428                __exidx_end = .
                0x08001428                . = ALIGN (0x4)

.rel.dyn        0x08001428        0x0
 .rel.iplt      0x08001428        0x0 e:/workspace/clion/gcc-arm-none-eabi-10.3-2021.10/bin/../lib/gcc/arm-none-eabi/10.3.1/thumb/v7e-m/nofp/crtbegin.o

.preinit_array  0x08001428        0x0
                0x08001428                . = ALIGN (0x4)
                0x08001428                PROVIDE (__preinit_array_start = .)
 *(.preinit_array*)
                0x08001428                PROVIDE (__preinit_array_end = .)
                0x08001428                . = ALIGN (0x4)

.init_array     0x08001428        0x8
                0x08001428                . = ALIGN (0x4)
                0x08001428                PROVIDE (__init_array_start = .)
 *(SORT_BY_NAME(.init_array.*))
 .init_array.00000
                0x08001428        0x4 e:/workspace/clion/gcc-arm-none-eabi-10.3-2021.10/bin/../lib/gcc/arm-none-eabi/10.3.1/../../../../arm-none-eabi/lib/thumb/v7e-m/nofp\libg.a(lib_a-__call_atexit.o)
 *(.init_array*)
 .init_array    0x0800142c        0x4 e:/workspace/clion/gcc-arm-none-eabi-10.3-2021.10/bin/../lib/gcc/arm-none-eabi/10.3.1/thumb/v7e-m/nofp/crtbegin.o
                0x08001430                PROVIDE (__init_array_end = .)
                0x08001430                . = ALIGN (0x4)

.fini_array     0x08001430        0x4
                0x08001430                . = ALIGN (0x4)
                0x08001430                PROVIDE (__fini_array_start = .)
 *(SORT_BY_NAME(.fini_array.*))
 *(.fini_array*)
 .fini_array    0x08001430        0x4 e:/workspace/clion/gcc-arm-none-eabi-10.3-2021.10/bin/../lib/gcc/arm-none-eabi/10.3.1/thumb/v7e-m/nofp/crtbegin.o
                0x08001434                PROVIDE (__fini_array_end = .)
                0x08001434                . = ALIGN (0x4)
                0x08001434                _sidata = LOADADDR (.data)

.data           0x20000000      0x43c load address 0x08001434
                0x20000000                . = ALIGN (0x4)
                0x20000000                _sdata = .
 *(.data)
 *(.data*)
 .data.SystemCoreClock
                0x20000000        0x4 CMakeFiles/stm32_dsp.elf.dir/Core/Src/system_stm32f4xx.c.obj
                0x20000000                SystemCoreClock
 .data.uwTickFreq
                0x20000004        0x1 CMakeFiles/stm32_dsp.elf.dir/Drivers/STM32F4xx_HAL_Driver/Src/stm32f4xx_hal.c.obj
                0x20000004                uwTickFreq
 *fill*         0x20000005        0x3 
 .data.uwTickPrio
                0x20000008        0x4 CMakeFiles/stm32_dsp.elf.dir/Drivers/STM32F4xx_HAL_Driver/Src/stm32f4xx_hal.c.obj
                0x20000008                uwTickPrio
 *fill*         0x2000000c        0x4 
 .data.impure_data
                0x20000010      0x428 e:/workspace/clion/gcc-arm-none-eabi-10.3-2021.10/bin/../lib/gcc/arm-none-eabi/10.3.1/../../../../arm-none-eabi/lib/thumb/v7e-m/nofp\libg.a(lib_a-impure.o)
 .data.__atexit_recursive_mutex
                0x20000438        0x4 e:/workspace/clion/gcc-arm-none-eabi-10.3-2021.10/bin/../lib/gcc/arm-none-eabi/10.3.1/../../../../arm-none-eabi/lib/thumb/v7e-m/nofp\libg.a(lib_a-__call_atexit.o)
                0x20000438                __atexit_recursive_mutex
 *(.RamFunc)
 *(.RamFunc*)
                0x2000043c                . = ALIGN (0x4)
                0x2000043c                _edata = .
                0x08001870                _siccmram = LOADADDR (.ccmram)

.igot.plt       0x2000043c        0x0 load address 0x08001870
 .igot.plt      0x2000043c        0x0 e:/workspace/clion/gcc-arm-none-eabi-10.3-2021.10/bin/../lib/gcc/arm-none-eabi/10.3.1/thumb/v7e-m/nofp/crtbegin.o

.ccmram         0x10000000        0x0 load address 0x08001870
                0x10000000                . = ALIGN (0x4)
                0x10000000                _sccmram = .
 *(.ccmram)
 *(.ccmram*)
                0x10000000                . = ALIGN (0x4)
                0x10000000                _eccmram = .
                0x10000000                . = ALIGN (0x4)

.bss            0x2000043c       0x68
                0x2000043c                _sbss = .
                0x2000043c                __bss_start__ = _sbss
 *(.bss)
 .bss           0x2000043c       0x1c e:/workspace/clion/gcc-arm-none-eabi-10.3-2021.10/bin/../lib/gcc/arm-none-eabi/10.3.1/thumb/v7e-m/nofp/crtbegin.o
 *(.bss*)
 .bss.huart1    0x20000458       0x44 CMakeFiles/stm32_dsp.elf.dir/Core/Src/usart.c.obj
                0x20000458                huart1
 .bss.uwTick    0x2000049c        0x4 CMakeFiles/stm32_dsp.elf.dir/Drivers/STM32F4xx_HAL_Driver/Src/stm32f4xx_hal.c.obj
                0x2000049c                uwTick
 .bss.__lock___atexit_recursive_mutex
                0x200004a0        0x1 e:/workspace/clion/gcc-arm-none-eabi-10.3-2021.10/bin/../lib/gcc/arm-none-eabi/10.3.1/../../../../arm-none-eabi/lib/thumb/v7e-m/nofp\libg.a(lib_a-lock.o)
                0x200004a0                __lock___atexit_recursive_mutex
 *(COMMON)
                0x200004a4                . = ALIGN (0x4)
 *fill*         0x200004a1        0x3 
                0x200004a4                _ebss = .
                0x200004a4                __bss_end__ = _ebss

._user_heap_stack
                0x200004a4      0x604
                0x200004a8                . = ALIGN (0x8)
 *fill*         0x200004a4        0x4 
                [!provide]                PROVIDE (end = .)
                0x200004a8                PROVIDE (_end = .)
                0x200006a8                . = (. + _Min_Heap_Size)
 *fill*         0x200004a8      0x200 
                0x20000aa8                . = (. + _Min_Stack_Size)
 *fill*         0x200006a8      0x400 
                0x20000aa8                . = ALIGN (0x8)

/DISCARD/
 libc.a(*)
 libm.a(*)
 libgcc.a(*)

.ARM.attributes
                0x00000000       0x2a
 *(.ARM.attributes)
 .ARM.attributes
                0x00000000       0x1e e:/workspace/clion/gcc-arm-none-eabi-10.3-2021.10/bin/../lib/gcc/arm-none-eabi/10.3.1/thumb/v7e-m/nofp/crti.o
 .ARM.attributes
                0x0000001e       0x2e e:/workspace/clion/gcc-arm-none-eabi-10.3-2021.10/bin/../lib/gcc/arm-none-eabi/10.3.1/thumb/v7e-m/nofp/crtbegin.o
 .ARM.attributes
                0x0000004c       0x2e CMakeFiles/stm32_dsp.elf.dir/Core/Src/gpio.c.obj
 .ARM.attributes
                0x0000007a       0x2e CMakeFiles/stm32_dsp.elf.dir/Core/Src/main.c.obj
 .ARM.attributes
                0x000000a8       0x2e CMakeFiles/stm32_dsp.elf.dir/Core/Src/stm32f4xx_hal_msp.c.obj
 .ARM.attributes
                0x000000d6       0x2e CMakeFiles/stm32_dsp.elf.dir/Core/Src/stm32f4xx_it.c.obj
 .ARM.attributes
                0x00000104       0x2e CMakeFiles/stm32_dsp.elf.dir/Core/Src/system_stm32f4xx.c.obj
 .ARM.attributes
                0x00000132       0x2e CMakeFiles/stm32_dsp.elf.dir/Core/Src/usart.c.obj
 .ARM.attributes
                0x00000160       0x21 CMakeFiles/stm32_dsp.elf.dir/Core/Startup/startup_stm32f407zetx.s.obj
 .ARM.attributes
                0x00000181       0x2e CMakeFiles/stm32_dsp.elf.dir/Drivers/STM32F4xx_HAL_Driver/Src/stm32f4xx_hal.c.obj
 .ARM.attributes
                0x000001af       0x2e CMakeFiles/stm32_dsp.elf.dir/Drivers/STM32F4xx_HAL_Driver/Src/stm32f4xx_hal_cortex.c.obj
 .ARM.attributes
                0x000001dd       0x2e CMakeFiles/stm32_dsp.elf.dir/Drivers/STM32F4xx_HAL_Driver/Src/stm32f4xx_hal_gpio.c.obj
 .ARM.attributes
                0x0000020b       0x2e CMakeFiles/stm32_dsp.elf.dir/Drivers/STM32F4xx_HAL_Driver/Src/stm32f4xx_hal_rcc.c.obj
 .ARM.attributes
                0x00000239       0x2e CMakeFiles/stm32_dsp.elf.dir/Drivers/STM32F4xx_HAL_Driver/Src/stm32f4xx_hal_uart.c.obj
 .ARM.attributes
                0x00000267       0x1e e:/workspace/clion/gcc-arm-none-eabi-10.3-2021.10/bin/../lib/gcc/arm-none-eabi/10.3.1/thumb/v7e-m/nofp\libgcc.a(_aeabi_uldivmod.o)
 .ARM.attributes
                0x00000285       0x2e e:/workspace/clion/gcc-arm-none-eabi-10.3-2021.10/bin/../lib/gcc/arm-none-eabi/10.3.1/thumb/v7e-m/nofp\libgcc.a(_udivmoddi4.o)
 .ARM.attributes
                0x000002b3       0x1e e:/workspace/clion/gcc-arm-none-eabi-10.3-2021.10/bin/../lib/gcc/arm-none-eabi/10.3.1/thumb/v7e-m/nofp\libgcc.a(_dvmd_tls.o)
 .ARM.attributes
                0x000002d1       0x2e e:/workspace/clion/gcc-arm-none-eabi-10.3-2021.10/bin/../lib/gcc/arm-none-eabi/10.3.1/../../../../arm-none-eabi/lib/thumb/v7e-m/nofp\libg.a(lib_a-impure.o)
 .ARM.attributes
                0x000002ff       0x2e e:/workspace/clion/gcc-arm-none-eabi-10.3-2021.10/bin/../lib/gcc/arm-none-eabi/10.3.1/../../../../arm-none-eabi/lib/thumb/v7e-m/nofp\libg.a(lib_a-init.o)
 .ARM.attributes
                0x0000032d       0x2e e:/workspace/clion/gcc-arm-none-eabi-10.3-2021.10/bin/../lib/gcc/arm-none-eabi/10.3.1/../../../../arm-none-eabi/lib/thumb/v7e-m/nofp\libg.a(lib_a-memset.o)
 .ARM.attributes
                0x0000035b       0x2e e:/workspace/clion/gcc-arm-none-eabi-10.3-2021.10/bin/../lib/gcc/arm-none-eabi/10.3.1/../../../../arm-none-eabi/lib/thumb/v7e-m/nofp\libg.a(lib_a-__call_atexit.o)
 .ARM.attributes
                0x00000389       0x2e e:/workspace/clion/gcc-arm-none-eabi-10.3-2021.10/bin/../lib/gcc/arm-none-eabi/10.3.1/../../../../arm-none-eabi/lib/thumb/v7e-m/nofp\libg.a(lib_a-atexit.o)
 .ARM.attributes
                0x000003b7       0x2e e:/workspace/clion/gcc-arm-none-eabi-10.3-2021.10/bin/../lib/gcc/arm-none-eabi/10.3.1/../../../../arm-none-eabi/lib/thumb/v7e-m/nofp\libg.a(lib_a-fini.o)
 .ARM.attributes
                0x000003e5       0x2e e:/workspace/clion/gcc-arm-none-eabi-10.3-2021.10/bin/../lib/gcc/arm-none-eabi/10.3.1/../../../../arm-none-eabi/lib/thumb/v7e-m/nofp\libg.a(lib_a-lock.o)
 .ARM.attributes
                0x00000413       0x2e e:/workspace/clion/gcc-arm-none-eabi-10.3-2021.10/bin/../lib/gcc/arm-none-eabi/10.3.1/../../../../arm-none-eabi/lib/thumb/v7e-m/nofp\libg.a(lib_a-__atexit.o)
 .ARM.attributes
                0x00000441       0x1e e:/workspace/clion/gcc-arm-none-eabi-10.3-2021.10/bin/../lib/gcc/arm-none-eabi/10.3.1/thumb/v7e-m/nofp/crtn.o
OUTPUT(stm32_dsp.elf elf32-littlearm)
LOAD linker stubs
LOAD e:/workspace/clion/gcc-arm-none-eabi-10.3-2021.10/bin/../lib/gcc/arm-none-eabi/10.3.1/../../../../arm-none-eabi/lib/thumb/v7e-m/nofp\libc.a
LOAD e:/workspace/clion/gcc-arm-none-eabi-10.3-2021.10/bin/../lib/gcc/arm-none-eabi/10.3.1/../../../../arm-none-eabi/lib/thumb/v7e-m/nofp\libm.a
LOAD e:/workspace/clion/gcc-arm-none-eabi-10.3-2021.10/bin/../lib/gcc/arm-none-eabi/10.3.1/thumb/v7e-m/nofp\libgcc.a

.debug_info     0x00000000     0x8e4c
 .debug_info    0x00000000      0x2c1 CMakeFiles/stm32_dsp.elf.dir/Core/Src/gpio.c.obj
 .debug_info    0x000002c1      0xac2 CMakeFiles/stm32_dsp.elf.dir/Core/Src/main.c.obj
 .debug_info    0x00000d83      0x2a4 CMakeFiles/stm32_dsp.elf.dir/Core/Src/stm32f4xx_hal_msp.c.obj
 .debug_info    0x00001027      0x12f CMakeFiles/stm32_dsp.elf.dir/Core/Src/stm32f4xx_it.c.obj
 .debug_info    0x00001156      0x37d CMakeFiles/stm32_dsp.elf.dir/Core/Src/system_stm32f4xx.c.obj
 .debug_info    0x000014d3      0x9ce CMakeFiles/stm32_dsp.elf.dir/Core/Src/usart.c.obj
 .debug_info    0x00001ea1       0x22 CMakeFiles/stm32_dsp.elf.dir/Core/Startup/startup_stm32f407zetx.s.obj
 .debug_info    0x00001ec3      0x9f0 CMakeFiles/stm32_dsp.elf.dir/Drivers/STM32F4xx_HAL_Driver/Src/stm32f4xx_hal.c.obj
 .debug_info    0x000028b3     0x1098 CMakeFiles/stm32_dsp.elf.dir/Drivers/STM32F4xx_HAL_Driver/Src/stm32f4xx_hal_cortex.c.obj
 .debug_info    0x0000394b      0x7b0 CMakeFiles/stm32_dsp.elf.dir/Drivers/STM32F4xx_HAL_Driver/Src/stm32f4xx_hal_gpio.c.obj
 .debug_info    0x000040fb      0xb03 CMakeFiles/stm32_dsp.elf.dir/Drivers/STM32F4xx_HAL_Driver/Src/stm32f4xx_hal_rcc.c.obj
 .debug_info    0x00004bfe     0x424e CMakeFiles/stm32_dsp.elf.dir/Drivers/STM32F4xx_HAL_Driver/Src/stm32f4xx_hal_uart.c.obj

.debug_abbrev   0x00000000     0x142c
 .debug_abbrev  0x00000000       0xd1 CMakeFiles/stm32_dsp.elf.dir/Core/Src/gpio.c.obj
 .debug_abbrev  0x000000d1      0x221 CMakeFiles/stm32_dsp.elf.dir/Core/Src/main.c.obj
 .debug_abbrev  0x000002f2       0xd1 CMakeFiles/stm32_dsp.elf.dir/Core/Src/stm32f4xx_hal_msp.c.obj
 .debug_abbrev  0x000003c3       0x7e CMakeFiles/stm32_dsp.elf.dir/Core/Src/stm32f4xx_it.c.obj
 .debug_abbrev  0x00000441      0x119 CMakeFiles/stm32_dsp.elf.dir/Core/Src/system_stm32f4xx.c.obj
 .debug_abbrev  0x0000055a      0x1da CMakeFiles/stm32_dsp.elf.dir/Core/Src/usart.c.obj
 .debug_abbrev  0x00000734       0x12 CMakeFiles/stm32_dsp.elf.dir/Core/Startup/startup_stm32f407zetx.s.obj
 .debug_abbrev  0x00000746      0x206 CMakeFiles/stm32_dsp.elf.dir/Drivers/STM32F4xx_HAL_Driver/Src/stm32f4xx_hal.c.obj
 .debug_abbrev  0x0000094c      0x36a CMakeFiles/stm32_dsp.elf.dir/Drivers/STM32F4xx_HAL_Driver/Src/stm32f4xx_hal_cortex.c.obj
 .debug_abbrev  0x00000cb6      0x1ef CMakeFiles/stm32_dsp.elf.dir/Drivers/STM32F4xx_HAL_Driver/Src/stm32f4xx_hal_gpio.c.obj
 .debug_abbrev  0x00000ea5      0x28a CMakeFiles/stm32_dsp.elf.dir/Drivers/STM32F4xx_HAL_Driver/Src/stm32f4xx_hal_rcc.c.obj
 .debug_abbrev  0x0000112f      0x2fd CMakeFiles/stm32_dsp.elf.dir/Drivers/STM32F4xx_HAL_Driver/Src/stm32f4xx_hal_uart.c.obj

.debug_aranges  0x00000000      0x5d0
 .debug_aranges
                0x00000000       0x20 CMakeFiles/stm32_dsp.elf.dir/Core/Src/gpio.c.obj
 .debug_aranges
                0x00000020       0x38 CMakeFiles/stm32_dsp.elf.dir/Core/Src/main.c.obj
 .debug_aranges
                0x00000058       0x20 CMakeFiles/stm32_dsp.elf.dir/Core/Src/stm32f4xx_hal_msp.c.obj
 .debug_aranges
                0x00000078       0x60 CMakeFiles/stm32_dsp.elf.dir/Core/Src/stm32f4xx_it.c.obj
 .debug_aranges
                0x000000d8       0x28 CMakeFiles/stm32_dsp.elf.dir/Core/Src/system_stm32f4xx.c.obj
 .debug_aranges
                0x00000100       0x30 CMakeFiles/stm32_dsp.elf.dir/Core/Src/usart.c.obj
 .debug_aranges
                0x00000130       0x28 CMakeFiles/stm32_dsp.elf.dir/Core/Startup/startup_stm32f407zetx.s.obj
 .debug_aranges
                0x00000158       0xf0 CMakeFiles/stm32_dsp.elf.dir/Drivers/STM32F4xx_HAL_Driver/Src/stm32f4xx_hal.c.obj
 .debug_aranges
                0x00000248       0xa8 CMakeFiles/stm32_dsp.elf.dir/Drivers/STM32F4xx_HAL_Driver/Src/stm32f4xx_hal_cortex.c.obj
 .debug_aranges
                0x000002f0       0x58 CMakeFiles/stm32_dsp.elf.dir/Drivers/STM32F4xx_HAL_Driver/Src/stm32f4xx_hal_gpio.c.obj
 .debug_aranges
                0x00000348       0x88 CMakeFiles/stm32_dsp.elf.dir/Drivers/STM32F4xx_HAL_Driver/Src/stm32f4xx_hal_rcc.c.obj
 .debug_aranges
                0x000003d0      0x200 CMakeFiles/stm32_dsp.elf.dir/Drivers/STM32F4xx_HAL_Driver/Src/stm32f4xx_hal_uart.c.obj

.debug_ranges   0x00000000      0x5a8
 .debug_ranges  0x00000000       0x10 CMakeFiles/stm32_dsp.elf.dir/Core/Src/gpio.c.obj
 .debug_ranges  0x00000010       0x28 CMakeFiles/stm32_dsp.elf.dir/Core/Src/main.c.obj
 .debug_ranges  0x00000038       0x10 CMakeFiles/stm32_dsp.elf.dir/Core/Src/stm32f4xx_hal_msp.c.obj
 .debug_ranges  0x00000048       0x50 CMakeFiles/stm32_dsp.elf.dir/Core/Src/stm32f4xx_it.c.obj
 .debug_ranges  0x00000098       0x18 CMakeFiles/stm32_dsp.elf.dir/Core/Src/system_stm32f4xx.c.obj
 .debug_ranges  0x000000b0       0x20 CMakeFiles/stm32_dsp.elf.dir/Core/Src/usart.c.obj
 .debug_ranges  0x000000d0       0x20 CMakeFiles/stm32_dsp.elf.dir/Core/Startup/startup_stm32f407zetx.s.obj
 .debug_ranges  0x000000f0       0xe0 CMakeFiles/stm32_dsp.elf.dir/Drivers/STM32F4xx_HAL_Driver/Src/stm32f4xx_hal.c.obj
 .debug_ranges  0x000001d0       0xf8 CMakeFiles/stm32_dsp.elf.dir/Drivers/STM32F4xx_HAL_Driver/Src/stm32f4xx_hal_cortex.c.obj
 .debug_ranges  0x000002c8       0x48 CMakeFiles/stm32_dsp.elf.dir/Drivers/STM32F4xx_HAL_Driver/Src/stm32f4xx_hal_gpio.c.obj
 .debug_ranges  0x00000310       0x90 CMakeFiles/stm32_dsp.elf.dir/Drivers/STM32F4xx_HAL_Driver/Src/stm32f4xx_hal_rcc.c.obj
 .debug_ranges  0x000003a0      0x208 CMakeFiles/stm32_dsp.elf.dir/Drivers/STM32F4xx_HAL_Driver/Src/stm32f4xx_hal_uart.c.obj

.debug_line     0x00000000     0x77a6
 .debug_line    0x00000000      0x1a7 CMakeFiles/stm32_dsp.elf.dir/Core/Src/gpio.c.obj
 .debug_line    0x000001a7      0x437 CMakeFiles/stm32_dsp.elf.dir/Core/Src/main.c.obj
 .debug_line    0x000005de      0x1ae CMakeFiles/stm32_dsp.elf.dir/Core/Src/stm32f4xx_hal_msp.c.obj
 .debug_line    0x0000078c      0x1cd CMakeFiles/stm32_dsp.elf.dir/Core/Src/stm32f4xx_it.c.obj
 .debug_line    0x00000959      0x277 CMakeFiles/stm32_dsp.elf.dir/Core/Src/system_stm32f4xx.c.obj
 .debug_line    0x00000bd0      0x36f CMakeFiles/stm32_dsp.elf.dir/Core/Src/usart.c.obj
 .debug_line    0x00000f3f       0xb0 CMakeFiles/stm32_dsp.elf.dir/Core/Startup/startup_stm32f407zetx.s.obj
 .debug_line    0x00000fef      0x60f CMakeFiles/stm32_dsp.elf.dir/Drivers/STM32F4xx_HAL_Driver/Src/stm32f4xx_hal.c.obj
 .debug_line    0x000015fe      0x822 CMakeFiles/stm32_dsp.elf.dir/Drivers/STM32F4xx_HAL_Driver/Src/stm32f4xx_hal_cortex.c.obj
 .debug_line    0x00001e20      0x760 CMakeFiles/stm32_dsp.elf.dir/Drivers/STM32F4xx_HAL_Driver/Src/stm32f4xx_hal_gpio.c.obj
 .debug_line    0x00002580      0xb8e CMakeFiles/stm32_dsp.elf.dir/Drivers/STM32F4xx_HAL_Driver/Src/stm32f4xx_hal_rcc.c.obj
 .debug_line    0x0000310e     0x4698 CMakeFiles/stm32_dsp.elf.dir/Drivers/STM32F4xx_HAL_Driver/Src/stm32f4xx_hal_uart.c.obj

.debug_str      0x00000000     0x232a
 .debug_str     0x00000000      0x2af CMakeFiles/stm32_dsp.elf.dir/Core/Src/gpio.c.obj
                                0x2f1 (size before relaxing)
 .debug_str     0x000002af      0x621 CMakeFiles/stm32_dsp.elf.dir/Core/Src/main.c.obj
                                0x92d (size before relaxing)
 .debug_str     0x000008d0       0x54 CMakeFiles/stm32_dsp.elf.dir/Core/Src/stm32f4xx_hal_msp.c.obj
                                0x2fd (size before relaxing)
 .debug_str     0x00000924       0xdf CMakeFiles/stm32_dsp.elf.dir/Core/Src/stm32f4xx_it.c.obj
                                0x271 (size before relaxing)
 .debug_str     0x00000a03       0xaf CMakeFiles/stm32_dsp.elf.dir/Core/Src/system_stm32f4xx.c.obj
                                0x363 (size before relaxing)
 .debug_str     0x00000ab2       0xff CMakeFiles/stm32_dsp.elf.dir/Core/Src/usart.c.obj
                                0x83e (size before relaxing)
 .debug_str     0x00000bb1       0x5e CMakeFiles/stm32_dsp.elf.dir/Core/Startup/startup_stm32f407zetx.s.obj
                                 0x9b (size before relaxing)
 .debug_str     0x00000c0f      0x88c CMakeFiles/stm32_dsp.elf.dir/Drivers/STM32F4xx_HAL_Driver/Src/stm32f4xx_hal.c.obj
                                0xb9c (size before relaxing)
 .debug_str     0x0000149b      0x4da CMakeFiles/stm32_dsp.elf.dir/Drivers/STM32F4xx_HAL_Driver/Src/stm32f4xx_hal_cortex.c.obj
                                0xc6e (size before relaxing)
 .debug_str     0x00001975      0x17e CMakeFiles/stm32_dsp.elf.dir/Drivers/STM32F4xx_HAL_Driver/Src/stm32f4xx_hal_gpio.c.obj
                                0x522 (size before relaxing)
 .debug_str     0x00001af3      0x1cc CMakeFiles/stm32_dsp.elf.dir/Drivers/STM32F4xx_HAL_Driver/Src/stm32f4xx_hal_rcc.c.obj
                                0x748 (size before relaxing)
 .debug_str     0x00001cbf      0x66b CMakeFiles/stm32_dsp.elf.dir/Drivers/STM32F4xx_HAL_Driver/Src/stm32f4xx_hal_uart.c.obj
                                0xd9b (size before relaxing)

.comment        0x00000000       0x49
 .comment       0x00000000       0x49 CMakeFiles/stm32_dsp.elf.dir/Core/Src/gpio.c.obj
                                 0x4a (size before relaxing)
 .comment       0x00000049       0x4a CMakeFiles/stm32_dsp.elf.dir/Core/Src/main.c.obj
 .comment       0x00000049       0x4a CMakeFiles/stm32_dsp.elf.dir/Core/Src/stm32f4xx_hal_msp.c.obj
 .comment       0x00000049       0x4a CMakeFiles/stm32_dsp.elf.dir/Core/Src/stm32f4xx_it.c.obj
 .comment       0x00000049       0x4a CMakeFiles/stm32_dsp.elf.dir/Core/Src/system_stm32f4xx.c.obj
 .comment       0x00000049       0x4a CMakeFiles/stm32_dsp.elf.dir/Core/Src/usart.c.obj
 .comment       0x00000049       0x4a CMakeFiles/stm32_dsp.elf.dir/Drivers/STM32F4xx_HAL_Driver/Src/stm32f4xx_hal.c.obj
 .comment       0x00000049       0x4a CMakeFiles/stm32_dsp.elf.dir/Drivers/STM32F4xx_HAL_Driver/Src/stm32f4xx_hal_cortex.c.obj
 .comment       0x00000049       0x4a CMakeFiles/stm32_dsp.elf.dir/Drivers/STM32F4xx_HAL_Driver/Src/stm32f4xx_hal_gpio.c.obj
 .comment       0x00000049       0x4a CMakeFiles/stm32_dsp.elf.dir/Drivers/STM32F4xx_HAL_Driver/Src/stm32f4xx_hal_rcc.c.obj
 .comment       0x00000049       0x4a CMakeFiles/stm32_dsp.elf.dir/Drivers/STM32F4xx_HAL_Driver/Src/stm32f4xx_hal_uart.c.obj

.debug_frame    0x00000000      0xf8c
 .debug_frame   0x00000000       0x28 CMakeFiles/stm32_dsp.elf.dir/Core/Src/gpio.c.obj
 .debug_frame   0x00000028       0x74 CMakeFiles/stm32_dsp.elf.dir/Core/Src/main.c.obj
 .debug_frame   0x0000009c       0x28 CMakeFiles/stm32_dsp.elf.dir/Core/Src/stm32f4xx_hal_msp.c.obj
 .debug_frame   0x000000c4       0xa8 CMakeFiles/stm32_dsp.elf.dir/Core/Src/stm32f4xx_it.c.obj
 .debug_frame   0x0000016c       0x30 CMakeFiles/stm32_dsp.elf.dir/Core/Src/system_stm32f4xx.c.obj
 .debug_frame   0x0000019c       0x60 CMakeFiles/stm32_dsp.elf.dir/Core/Src/usart.c.obj
 .debug_frame   0x000001fc      0x1ec CMakeFiles/stm32_dsp.elf.dir/Drivers/STM32F4xx_HAL_Driver/Src/stm32f4xx_hal.c.obj
 .debug_frame   0x000003e8      0x148 CMakeFiles/stm32_dsp.elf.dir/Drivers/STM32F4xx_HAL_Driver/Src/stm32f4xx_hal_cortex.c.obj
 .debug_frame   0x00000530       0xd8 CMakeFiles/stm32_dsp.elf.dir/Drivers/STM32F4xx_HAL_Driver/Src/stm32f4xx_hal_gpio.c.obj
 .debug_frame   0x00000608      0x16c CMakeFiles/stm32_dsp.elf.dir/Drivers/STM32F4xx_HAL_Driver/Src/stm32f4xx_hal_rcc.c.obj
 .debug_frame   0x00000774      0x5cc CMakeFiles/stm32_dsp.elf.dir/Drivers/STM32F4xx_HAL_Driver/Src/stm32f4xx_hal_uart.c.obj
 .debug_frame   0x00000d40       0x2c e:/workspace/clion/gcc-arm-none-eabi-10.3-2021.10/bin/../lib/gcc/arm-none-eabi/10.3.1/thumb/v7e-m/nofp\libgcc.a(_aeabi_uldivmod.o)
 .debug_frame   0x00000d6c       0x34 e:/workspace/clion/gcc-arm-none-eabi-10.3-2021.10/bin/../lib/gcc/arm-none-eabi/10.3.1/thumb/v7e-m/nofp\libgcc.a(_udivmoddi4.o)
 .debug_frame   0x00000da0       0x2c e:/workspace/clion/gcc-arm-none-eabi-10.3-2021.10/bin/../lib/gcc/arm-none-eabi/10.3.1/../../../../arm-none-eabi/lib/thumb/v7e-m/nofp\libg.a(lib_a-init.o)
 .debug_frame   0x00000dcc       0x2c e:/workspace/clion/gcc-arm-none-eabi-10.3-2021.10/bin/../lib/gcc/arm-none-eabi/10.3.1/../../../../arm-none-eabi/lib/thumb/v7e-m/nofp\libg.a(lib_a-memset.o)
 .debug_frame   0x00000df8       0x5c e:/workspace/clion/gcc-arm-none-eabi-10.3-2021.10/bin/../lib/gcc/arm-none-eabi/10.3.1/../../../../arm-none-eabi/lib/thumb/v7e-m/nofp\libg.a(lib_a-__call_atexit.o)
 .debug_frame   0x00000e54       0x20 e:/workspace/clion/gcc-arm-none-eabi-10.3-2021.10/bin/../lib/gcc/arm-none-eabi/10.3.1/../../../../arm-none-eabi/lib/thumb/v7e-m/nofp\libg.a(lib_a-atexit.o)
 .debug_frame   0x00000e74       0x34 e:/workspace/clion/gcc-arm-none-eabi-10.3-2021.10/bin/../lib/gcc/arm-none-eabi/10.3.1/../../../../arm-none-eabi/lib/thumb/v7e-m/nofp\libg.a(lib_a-fini.o)
 .debug_frame   0x00000ea8       0xb0 e:/workspace/clion/gcc-arm-none-eabi-10.3-2021.10/bin/../lib/gcc/arm-none-eabi/10.3.1/../../../../arm-none-eabi/lib/thumb/v7e-m/nofp\libg.a(lib_a-lock.o)
 .debug_frame   0x00000f58       0x34 e:/workspace/clion/gcc-arm-none-eabi-10.3-2021.10/bin/../lib/gcc/arm-none-eabi/10.3.1/../../../../arm-none-eabi/lib/thumb/v7e-m/nofp\libg.a(lib_a-__atexit.o)

.debug_loc      0x00000000     0x5edb
 .debug_loc     0x00000000       0x23 CMakeFiles/stm32_dsp.elf.dir/Core/Src/main.c.obj
 .debug_loc     0x00000023      0x158 CMakeFiles/stm32_dsp.elf.dir/Core/Src/system_stm32f4xx.c.obj
 .debug_loc     0x0000017b       0x84 CMakeFiles/stm32_dsp.elf.dir/Core/Src/usart.c.obj
 .debug_loc     0x000001ff      0x141 CMakeFiles/stm32_dsp.elf.dir/Drivers/STM32F4xx_HAL_Driver/Src/stm32f4xx_hal.c.obj
 .debug_loc     0x00000340      0x744 CMakeFiles/stm32_dsp.elf.dir/Drivers/STM32F4xx_HAL_Driver/Src/stm32f4xx_hal_cortex.c.obj
 .debug_loc     0x00000a84      0x520 CMakeFiles/stm32_dsp.elf.dir/Drivers/STM32F4xx_HAL_Driver/Src/stm32f4xx_hal_gpio.c.obj
 .debug_loc     0x00000fa4      0x58c CMakeFiles/stm32_dsp.elf.dir/Drivers/STM32F4xx_HAL_Driver/Src/stm32f4xx_hal_rcc.c.obj
 .debug_loc     0x00001530     0x49ab CMakeFiles/stm32_dsp.elf.dir/Drivers/STM32F4xx_HAL_Driver/Src/stm32f4xx_hal_uart.c.obj
